// Jest Snapshot v1, https://goo.gl/fbAQLP

exports[`Templates fn 1`] = `"export const fnName = (fnParams) => "some result""`;
